command= /home/colab/projects/Android_SMS_Classifier_stage0_baseline_20260802_r2/.venv/bin/python /home/colab/projects/Android_SMS_Classifier_stage0_baseline_20260802_r2/tools/audit_release.py
started_at=2026-08-02T09:59:08Z
{
  "release": "0.2.1-p0-fixes",
  "status": "PASS_ENGINEERING",
  "p0": 0,
  "p1": 0,
  "p2": 1,
  "checksPassed": 3,
  "checksFailed": 0,
  "internetPermissionHits": [],
  "datasetLeakage": "PASS",
  "artifactHashesFile": "artifact_hashes.json",
  "hasInt8Model": true,
  "hasDebugApk": false,
  "note": "Engineering closed-loop on synthetic data after P0 leakage fixes. Do NOT claim transaction recall >=98% without frozen real labeled test set + device reports.",
  "generatedAt": "2026-08-02T09:59:08.419383+00:00",
  "reviewers": []
}
ended_at=2026-08-02T09:59:08Z
exit_code=0
