command= /home/colab/projects/Android_SMS_Classifier_stage0_baseline_20260802_r2/.venv/bin/python /home/colab/projects/Android_SMS_Classifier_stage0_baseline_20260802_r2/training/scripts/check_split_leakage.py --processed-dir /home/colab/projects/Android_SMS_Classifier_stage0_baseline_20260802_r2/training/data/processed_v2 --output /home/colab/projects/Android_SMS_Classifier_stage0_baseline_20260802_r2/training/reports/experiments/stage0_baseline_20260802_r2/dataset_leakage_v2.json
started_at=2026-08-02T09:59:03Z
2026-08-02 17:59:04.787583: E external/local_xla/xla/stream_executor/cuda/cuda_fft.cc:467] Unable to register cuFFT factory: Attempting to register factory for plugin cuFFT when one has already been registered
WARNING: All log messages before absl::InitializeLog() is called are written to STDERR
E0000 00:00:1785664744.798810     500 cuda_dnn.cc:8579] Unable to register cuDNN factory: Attempting to register factory for plugin cuDNN when one has already been registered
E0000 00:00:1785664744.802359     500 cuda_blas.cc:1407] Unable to register cuBLAS factory: Attempting to register factory for plugin cuBLAS when one has already been registered
W0000 00:00:1785664744.812276     500 computation_placer.cc:177] computation placer already registered. Please check linkage and avoid linking the same target more than once.
W0000 00:00:1785664744.812311     500 computation_placer.cc:177] computation placer already registered. Please check linkage and avoid linking the same target more than once.
W0000 00:00:1785664744.812312     500 computation_placer.cc:177] computation placer already registered. Please check linkage and avoid linking the same target more than once.
W0000 00:00:1785664744.812314     500 computation_placer.cc:177] computation placer already registered. Please check linkage and avoid linking the same target more than once.
{
  "status": "PASS",
  "issue_count": 0,
  "issues": [],
  "split_counts": {
    "train": 11158,
    "validation": 1398,
    "test": 1397
  },
  "connected_component_counts": {
    "train": 9013,
    "validation": 1129,
    "test": 1128
  }
}
Leakage audit PASS → /home/colab/projects/Android_SMS_Classifier_stage0_baseline_20260802_r2/training/reports/experiments/stage0_baseline_20260802_r2/dataset_leakage_v2.json
ended_at=2026-08-02T09:59:08Z
exit_code=0
